---
source: test-utils/src/parser/snapshot_tests.rs
expression: result
---
fn @0 0:
    @0 {
        $0 = .0
        $1 = .1
        $2 = .2
        stop
        
    }

data .0 0x48656c6c6f20576f726c6421
data .1 0xff
data .2 0x0123456789abcdef0123456789abcdef
