---
source: test-utils/src/parser/snapshot_tests.rs
expression: result
---
fn @0 1:
    @0 $0 {
        $1 = caller
        $2 = balance $1
        $3 = gt $2 $0
        => $3 ? @2 : @1
    }

    @1 {
        $0 = .0
        $1 = 0x15
        revert $0 $1
    }

    @2 $0 -> $3 $2 {
        $1 = 0x64
        $2 = div $0 $1
        $3 = sub $0 $2
        $4 = add $3 $2
        $5 = lt $4 $0
        => $5 ? @3 : @4
    }

    @3 {
        $0 = .1
        $1 = 0x8
        revert $0 $1
    }

    @4 $0 $1 -> $6 {
        $2 = 0x0
        $3 = 0x1
        sstore $2 $0
        sstore $3 $1
        $4 = 0x0
        $5 = 0x40
        log2 $4 $5 $0 $1
        $6 = 0x1
        => @5
    }

    @5 $0 {
        $1 = $0
        iret $1
    }


data .0 0x496e73756666696369656e742062616c616e6365
data .1 0x4f766572666c6f77
