---
source: test-utils/src/parser/snapshot_tests.rs
expression: result
---
fn @0 0:
    @0 $0 $1 {
        $2 = add $0 $1
        $3 = 0x0
        $4 = eq $2 $3
        => $4 ? @1 : @2
    }
    @1 {
        $0 = .0
        $1 = 0x19
        revert $0 $1
        
    }
    @2 {
        $0 = 0x0
        $1 = 0x1
        sstore $0 $1
        stop
        
    }

data .0 0x4572726f723a20496e76616c696420696e707574
