---
source: test-utils/src/parser/snapshot_tests.rs
expression: result
---
fn @0 0:
    @0 {
        $0 = 0x1
        $1 = 0xabcd
        sstore $0 $1
        $2 = sload $0
        tstore $0 $1
        $3 = tload $0
        stop
    }
