---
source: test-utils/src/parser/snapshot_tests.rs
expression: result
---
fn @0 1:
    @0 $0 $1 $2 -> $5 {
        $3 $4 = icall @1 $0 $1
        $5 = icall @2 $2 $3 $4
        => @1
    }
    @1 $0 {
        $1 = $0
        iret $1
    }
    @2 $0 $1 -> $2 $3 {
        $2 = add $0 $1
        $3 = sub $0 $1
        => @3
    }
    @3 $0 $1 {
        $2 = $0
        iret $2
    }
    @4 $0 $1 $2 {
        => $0 ? @5 : @6
    }
    @5 $0 -> $1 {
        $1 = $0
        => @7
    }
    @6 $0 -> $1 {
        $1 = $0
        => @7
    }
    @7 $0 $1 {
        $2 = or $0 $1
        iret $2
    }
fn @1 2:
    @0 $0 $1 $2 -> $5 {
        $3 $4 = icall @1 $0 $1
        $5 = icall @2 $2 $3 $4
        => @1
    }
    @1 $0 {
        $1 = $0
        iret $1
    }
    @2 $0 $1 -> $2 $3 {
        $2 = add $0 $1
        $3 = sub $0 $1
        => @3
    }
    @3 $0 $1 {
        $2 = $0
        iret $2
    }
    @4 $0 $1 $2 {
        => $0 ? @5 : @6
    }
    @5 $0 -> $1 {
        $1 = $0
        => @7
    }
    @6 $0 -> $1 {
        $1 = $0
        => @7
    }
    @7 $0 $1 {
        $2 = or $0 $1
        iret $2
    }
fn @2 1:
    @0 $0 $1 $2 -> $5 {
        $3 $4 = icall @1 $0 $1
        $5 = icall @2 $2 $3 $4
        => @1
    }
    @1 $0 {
        $1 = $0
        iret $1
    }
    @2 $0 $1 -> $2 $3 {
        $2 = add $0 $1
        $3 = sub $0 $1
        => @3
    }
    @3 $0 $1 {
        $2 = $0
        iret $2
    }
    @4 $0 $1 $2 {
        => $0 ? @5 : @6
    }
    @5 $0 -> $1 {
        $1 = $0
        => @7
    }
    @6 $0 -> $1 {
        $1 = $0
        => @7
    }
    @7 $0 $1 {
        $2 = or $0 $1
        iret $2
    }
