---
source: test-utils/src/parser/snapshot_tests.rs
expression: result
---
fn @0 0:
    @0 {
        $0 = 0x5000
        $1 = 0x1234567890123456789012345678901234567890
        $2 = 0x100
        $3 = 0x0
        $4 = 0x20
        $5 = 0x20
        $6 = 0x20
        $7 = call $0 $1 $2 $3 $4 $5 $6
        $8 = delegatecall $0 $1 $3 $4 $5 $6
        $9 = staticcall $0 $1 $3 $4 $5 $6
        stop
        
    }
