---
source: crates/data/src/lib.rs
expression: display
---
fn @0 0:
    @0 {
        $0 = 0xdeadbeef
        $1 = .1
        stop
    }


data .1 0x56789abc
